[2026-06-29T16:17:50.177Z] [mqzf8rj5fxtozm03vc] protect() called: {"url":"/auth/login","method":"POST","headers":{"authorization":"MISSING","content-type":"application/json"}}
[2026-06-29T16:17:50.198Z] [mqzf8rj5fxtozm03vc] No token found in headers: {}
[2026-06-29T16:17:50.206Z] [mqzf8rj5fxtozm03vc] No token provided: {}
[2026-06-29T16:18:48.039Z] [mqzfa066iafscayj08] protect() called: {"url":"/auth/login","method":"POST","headers":{"authorization":"MISSING","content-type":"application/json"}}
[2026-06-29T16:18:48.088Z] [mqzfa066iafscayj08] No token found in headers: {}
[2026-06-29T16:18:48.125Z] [mqzfa066iafscayj08] No token provided: {}
[2026-06-29T16:20:38.989Z] [mqzfcdsc91vgjtm2zmh] protect() called: {"url":"/auth/login","method":"POST","headers":{"authorization":"MISSING","content-type":"application/json"}}
[2026-06-29T16:20:39.054Z] [mqzfcdsc91vgjtm2zmh] No token found in headers: {}
[2026-06-29T16:20:39.082Z] [mqzfcdsc91vgjtm2zmh] No token provided: {}
[2026-06-29T16:20:51.341Z] [mqzfcnbhco0ulue90au] protect() called: {"url":"/auth/login","method":"POST","headers":{"authorization":"MISSING","content-type":"application/json"}}
[2026-06-29T16:20:51.345Z] [mqzfcnbhco0ulue90au] No token found in headers: {}
[2026-06-29T16:20:51.350Z] [mqzfcnbhco0ulue90au] No token provided: {}
[2026-06-29T16:24:19.209Z] [mqzfh3plav5n33g86du] protect() called: {"url":"/auth/login","method":"POST","headers":{"authorization":"MISSING","content-type":"application/json"}}
[2026-06-29T16:24:19.225Z] [mqzfh3plav5n33g86du] No token found in headers: {}
[2026-06-29T16:24:19.241Z] [mqzfh3plav5n33g86du] No token provided: {}
[2026-06-29T16:24:24.062Z] [mqzfh7ge81zoublmzzl] protect() called: {"url":"/auth/login","method":"POST","headers":{"authorization":"MISSING","content-type":"application/json"}}
[2026-06-29T16:24:24.068Z] [mqzfh7ge81zoublmzzl] No token found in headers: {}
[2026-06-29T16:24:24.074Z] [mqzfh7ge81zoublmzzl] No token provided: {}
[2026-06-29T16:28:36.104Z] [mqzfmlxk3kcebqzi2k3] protect() called: {"url":"/auth/login","method":"POST","headers":{"authorization":"MISSING","content-type":"application/json"}}
[2026-06-29T16:28:36.186Z] [mqzfmlxk3kcebqzi2k3] No token found in headers: {}
[2026-06-29T16:28:36.217Z] [mqzfmlxk3kcebqzi2k3] No token provided: {}
[2026-06-29T16:28:46.691Z] [mqzfmu3nvgrgmg3exm] protect() called: {"url":"/auth/login","method":"POST","headers":{"authorization":"MISSING","content-type":"application/json"}}
[2026-06-29T16:28:46.697Z] [mqzfmu3nvgrgmg3exm] No token found in headers: {}
[2026-06-29T16:28:46.708Z] [mqzfmu3nvgrgmg3exm] No token provided: {}
[2026-06-29T16:28:53.170Z] [mqzfmz3mqp9tm6po3w] protect() called: {"url":"/auth/login","method":"POST","headers":{"authorization":"MISSING","content-type":"application/json"}}
[2026-06-29T16:28:53.190Z] [mqzfmz3mqp9tm6po3w] No token found in headers: {}
[2026-06-29T16:28:53.205Z] [mqzfmz3mqp9tm6po3w] No token provided: {}
[2026-06-29T16:28:57.893Z] [mqzfn2qt5x8hjrrxk9v] protect() called: {"url":"/auth/login","method":"POST","headers":{"authorization":"MISSING","content-type":"application/json"}}
[2026-06-29T16:28:57.907Z] [mqzfn2qt5x8hjrrxk9v] No token found in headers: {}
[2026-06-29T16:28:57.915Z] [mqzfn2qt5x8hjrrxk9v] No token provided: {}
[2026-06-29T16:34:41.418Z] [mqzfuft6tcp52661cm] protect() called: {"url":"/auth/register","method":"POST","headers":{"authorization":"MISSING","content-type":"application/json"}}
[2026-06-29T16:34:41.435Z] [mqzfuft6tcp52661cm] No token found in headers: {}
[2026-06-29T16:34:41.443Z] [mqzfuft6tcp52661cm] No token provided: {}
[2026-06-29T16:36:37.722Z] [mqzfwxjt14gkr1mm3fc] protect() called: {"url":"/auth/register","method":"POST","headers":{"authorization":"MISSING","content-type":"application/json"}}
[2026-06-29T16:36:37.745Z] [mqzfwxjt14gkr1mm3fc] No token found in headers: {}
[2026-06-29T16:36:37.752Z] [mqzfwxjt14gkr1mm3fc] No token provided: {}
[2026-06-29T16:38:25.149Z] [mqzfz8fw7f0rzlna7u] protect() called: {"url":"/admin/products?page=1&limit=10","method":"GET","headers":{"authorization":"Bearer [PRESENT]","content-type":"application/json"}}
[2026-06-29T16:38:25.178Z] [mqzfz8fw7f0rzlna7u] Token extracted: {"tokenLength":171,"tokenPreview":"eyJhbGciOiJIUzI1NiIs..."}
[2026-06-29T16:38:25.196Z] [mqzfz8fw7f0rzlna7u] Verifying token with JWT_SECRET: {}
[2026-06-29T16:38:25.211Z] [mqzfz8fw7f0rzlna7u] Token verified successfully: {"decoded":{"id":"6a429f7c6aecb49fd9035b04","iat":"2026-06-29T16:38:20.000Z","exp":"2026-07-06T16:38:20.000Z"}}
[2026-06-29T16:38:25.224Z] [mqzfz8fw7f0rzlna7u] Searching for admin with ID: 6a429f7c6aecb49fd9035b04: {}
[2026-06-29T16:38:25.246Z] [mqzfz8imvp3wqo3oaui] protect() called: {"url":"/admin/categories","method":"GET","headers":{"authorization":"Bearer [PRESENT]","content-type":"application/json"}}
[2026-06-29T16:38:25.257Z] [mqzfz8imvp3wqo3oaui] Token extracted: {"tokenLength":171,"tokenPreview":"eyJhbGciOiJIUzI1NiIs..."}
[2026-06-29T16:38:25.280Z] [mqzfz8imvp3wqo3oaui] Verifying token with JWT_SECRET: {}
[2026-06-29T16:38:25.293Z] [mqzfz8imvp3wqo3oaui] Token verified successfully: {"decoded":{"id":"6a429f7c6aecb49fd9035b04","iat":"2026-06-29T16:38:20.000Z","exp":"2026-07-06T16:38:20.000Z"}}
[2026-06-29T16:38:25.305Z] [mqzfz8imvp3wqo3oaui] Searching for admin with ID: 6a429f7c6aecb49fd9035b04: {}
[2026-06-29T16:38:25.326Z] [mqzfz8fw7f0rzlna7u] Admin authenticated successfully: {"adminId":"6a429f7c6aecb49fd9035b04","email":"patilavdhut198@gmail.com","role":"admin","name":"Avdhut Patil"}
[2026-06-29T16:38:25.333Z] [mqzfz8l0euk8xk5r1y5] authorize() called: {"requiredRoles":["admin"],"userRole":"admin"}
[2026-06-29T16:38:25.345Z] [mqzfz8l0euk8xk5r1y5] Authorization successful: {"userRole":"admin","requiredRoles":["admin"]}
[2026-06-29T16:38:25.363Z] [mqzfz8imvp3wqo3oaui] Admin authenticated successfully: {"adminId":"6a429f7c6aecb49fd9035b04","email":"patilavdhut198@gmail.com","role":"admin","name":"Avdhut Patil"}
[2026-06-29T16:38:25.374Z] [mqzfz8m60r3vj8zx6sl] authorize() called: {"requiredRoles":["admin"],"userRole":"admin"}
[2026-06-29T16:38:25.382Z] [mqzfz8m60r3vj8zx6sl] Authorization successful: {"userRole":"admin","requiredRoles":["admin"]}
[2026-06-29T16:38:25.441Z] [mqzfz8o16nykly714o4] protect() called: {"url":"/admin/products?page=1&limit=10","method":"GET","headers":{"authorization":"Bearer [PRESENT]","content-type":"application/json"}}
[2026-06-29T16:38:25.450Z] [mqzfz8o16nykly714o4] Token extracted: {"tokenLength":171,"tokenPreview":"eyJhbGciOiJIUzI1NiIs..."}
[2026-06-29T16:38:25.463Z] [mqzfz8o16nykly714o4] Verifying token with JWT_SECRET: {}
[2026-06-29T16:38:25.474Z] [mqzfz8o16nykly714o4] Token verified successfully: {"decoded":{"id":"6a429f7c6aecb49fd9035b04","iat":"2026-06-29T16:38:20.000Z","exp":"2026-07-06T16:38:20.000Z"}}
[2026-06-29T16:38:25.485Z] [mqzfz8o16nykly714o4] Searching for admin with ID: 6a429f7c6aecb49fd9035b04: {}
[2026-06-29T16:38:25.516Z] [mqzfz8o16nykly714o4] Admin authenticated successfully: {"adminId":"6a429f7c6aecb49fd9035b04","email":"patilavdhut198@gmail.com","role":"admin","name":"Avdhut Patil"}
[2026-06-29T16:38:25.527Z] [mqzfz8qf4ap1dabv9dc] authorize() called: {"requiredRoles":["admin"],"userRole":"admin"}
[2026-06-29T16:38:25.533Z] [mqzfz8qf4ap1dabv9dc] Authorization successful: {"userRole":"admin","requiredRoles":["admin"]}
[2026-06-29T16:38:25.550Z] [mqzfz8r1k9a2ifvjwwo] protect() called: {"url":"/admin/categories","method":"GET","headers":{"authorization":"Bearer [PRESENT]","content-type":"application/json"}}
[2026-06-29T16:38:25.563Z] [mqzfz8r1k9a2ifvjwwo] Token extracted: {"tokenLength":171,"tokenPreview":"eyJhbGciOiJIUzI1NiIs..."}
[2026-06-29T16:38:25.572Z] [mqzfz8r1k9a2ifvjwwo] Verifying token with JWT_SECRET: {}
[2026-06-29T16:38:25.581Z] [mqzfz8r1k9a2ifvjwwo] Token verified successfully: {"decoded":{"id":"6a429f7c6aecb49fd9035b04","iat":"2026-06-29T16:38:20.000Z","exp":"2026-07-06T16:38:20.000Z"}}
[2026-06-29T16:38:25.589Z] [mqzfz8r1k9a2ifvjwwo] Searching for admin with ID: 6a429f7c6aecb49fd9035b04: {}
[2026-06-29T16:38:25.632Z] [mqzfz8r1k9a2ifvjwwo] Admin authenticated successfully: {"adminId":"6a429f7c6aecb49fd9035b04","email":"patilavdhut198@gmail.com","role":"admin","name":"Avdhut Patil"}
[2026-06-29T16:38:25.650Z] [mqzfz8tu878bhlngtv] authorize() called: {"requiredRoles":["admin"],"userRole":"admin"}
[2026-06-29T16:38:25.664Z] [mqzfz8tu878bhlngtv] Authorization successful: {"userRole":"admin","requiredRoles":["admin"]}
[2026-06-29T16:38:33.175Z] [mqzfzemvgnshc251nld] protect() called: {"url":"/?page=1&limit=10","method":"GET","headers":{"authorization":"Bearer [PRESENT]","content-type":"application/json"}}
[2026-06-29T16:38:33.245Z] [mqzfzemvgnshc251nld] Token extracted: {"tokenLength":171,"tokenPreview":"eyJhbGciOiJIUzI1NiIs..."}
[2026-06-29T16:38:33.258Z] [mqzfzemvgnshc251nld] Verifying token with JWT_SECRET: {}
[2026-06-29T16:38:33.274Z] [mqzfzemvgnshc251nld] Token verified successfully: {"decoded":{"id":"6a429f7c6aecb49fd9035b04","iat":"2026-06-29T16:38:20.000Z","exp":"2026-07-06T16:38:20.000Z"}}
[2026-06-29T16:38:33.281Z] [mqzfzemvgnshc251nld] Searching for admin with ID: 6a429f7c6aecb49fd9035b04: {}
[2026-06-29T16:38:33.298Z] [mqzfzemvgnshc251nld] Admin authenticated successfully: {"adminId":"6a429f7c6aecb49fd9035b04","email":"patilavdhut198@gmail.com","role":"admin","name":"Avdhut Patil"}
[2026-06-29T16:38:33.309Z] [mqzfzeql2s9uep60f0d] authorize() called: {"requiredRoles":["admin"],"userRole":"admin"}
[2026-06-29T16:38:33.316Z] [mqzfzeql2s9uep60f0d] Authorization successful: {"userRole":"admin","requiredRoles":["admin"]}
[2026-06-29T16:38:33.340Z] [mqzfzergvxm1q5bt4ro] protect() called: {"url":"/?page=1&limit=10","method":"GET","headers":{"authorization":"Bearer [PRESENT]","content-type":"application/json"}}
[2026-06-29T16:38:33.349Z] [mqzfzergvxm1q5bt4ro] Token extracted: {"tokenLength":171,"tokenPreview":"eyJhbGciOiJIUzI1NiIs..."}
[2026-06-29T16:38:33.362Z] [mqzfzergvxm1q5bt4ro] Verifying token with JWT_SECRET: {}
[2026-06-29T16:38:33.380Z] [mqzfzergvxm1q5bt4ro] Token verified successfully: {"decoded":{"id":"6a429f7c6aecb49fd9035b04","iat":"2026-06-29T16:38:20.000Z","exp":"2026-07-06T16:38:20.000Z"}}
[2026-06-29T16:38:33.396Z] [mqzfzergvxm1q5bt4ro] Searching for admin with ID: 6a429f7c6aecb49fd9035b04: {}
[2026-06-29T16:38:33.411Z] [mqzfzergvxm1q5bt4ro] Admin authenticated successfully: {"adminId":"6a429f7c6aecb49fd9035b04","email":"patilavdhut198@gmail.com","role":"admin","name":"Avdhut Patil"}
[2026-06-29T16:38:33.423Z] [mqzfzetrd8xn32le5u4] authorize() called: {"requiredRoles":["admin"],"userRole":"admin"}
[2026-06-29T16:38:33.429Z] [mqzfzetrd8xn32le5u4] Authorization successful: {"userRole":"admin","requiredRoles":["admin"]}
[2026-06-29T16:38:46.095Z] [mqzfzolrw7rzcjdyoyk] protect() called: {"url":"/admin/about","method":"GET","headers":{"authorization":"Bearer [PRESENT]","content-type":"application/json"}}
[2026-06-29T16:38:46.163Z] [mqzfzolrw7rzcjdyoyk] Token extracted: {"tokenLength":171,"tokenPreview":"eyJhbGciOiJIUzI1NiIs..."}
[2026-06-29T16:38:46.193Z] [mqzfzolrw7rzcjdyoyk] Verifying token with JWT_SECRET: {}
[2026-06-29T16:38:46.206Z] [mqzfzolrw7rzcjdyoyk] Token verified successfully: {"decoded":{"id":"6a429f7c6aecb49fd9035b04","iat":"2026-06-29T16:38:20.000Z","exp":"2026-07-06T16:38:20.000Z"}}
[2026-06-29T16:38:46.213Z] [mqzfzolrw7rzcjdyoyk] Searching for admin with ID: 6a429f7c6aecb49fd9035b04: {}
[2026-06-29T16:38:46.230Z] [mqzfzolrw7rzcjdyoyk] Admin authenticated successfully: {"adminId":"6a429f7c6aecb49fd9035b04","email":"patilavdhut198@gmail.com","role":"admin","name":"Avdhut Patil"}
[2026-06-29T16:38:46.243Z] [mqzfzopu7cfygf06rpx] authorize() called: {"requiredRoles":["admin"],"userRole":"admin"}
[2026-06-29T16:38:46.253Z] [mqzfzopu7cfygf06rpx] Authorization successful: {"userRole":"admin","requiredRoles":["admin"]}
[2026-06-29T16:38:46.287Z] [mqzfzor3gjx807pgy0d] protect() called: {"url":"/admin/about","method":"GET","headers":{"authorization":"Bearer [PRESENT]","content-type":"application/json"}}
[2026-06-29T16:38:46.306Z] [mqzfzor3gjx807pgy0d] Token extracted: {"tokenLength":171,"tokenPreview":"eyJhbGciOiJIUzI1NiIs..."}
[2026-06-29T16:38:46.318Z] [mqzfzor3gjx807pgy0d] Verifying token with JWT_SECRET: {}
[2026-06-29T16:38:46.328Z] [mqzfzor3gjx807pgy0d] Token verified successfully: {"decoded":{"id":"6a429f7c6aecb49fd9035b04","iat":"2026-06-29T16:38:20.000Z","exp":"2026-07-06T16:38:20.000Z"}}
[2026-06-29T16:38:46.340Z] [mqzfzor3gjx807pgy0d] Searching for admin with ID: 6a429f7c6aecb49fd9035b04: {}
[2026-06-29T16:38:46.357Z] [mqzfzor3gjx807pgy0d] Admin authenticated successfully: {"adminId":"6a429f7c6aecb49fd9035b04","email":"patilavdhut198@gmail.com","role":"admin","name":"Avdhut Patil"}
[2026-06-29T16:38:46.371Z] [mqzfzotfe0n2h2w9ygc] authorize() called: {"requiredRoles":["admin"],"userRole":"admin"}
[2026-06-29T16:38:46.383Z] [mqzfzotfe0n2h2w9ygc] Authorization successful: {"userRole":"admin","requiredRoles":["admin"]}
[2026-06-29T16:38:48.558Z] [mqzfzqi6gd8ddhuftx4] protect() called: {"url":"/admin/gallery","method":"GET","headers":{"authorization":"Bearer [PRESENT]","content-type":"application/json"}}
[2026-06-29T16:38:48.610Z] [mqzfzqi6gd8ddhuftx4] Token extracted: {"tokenLength":171,"tokenPreview":"eyJhbGciOiJIUzI1NiIs..."}
[2026-06-29T16:38:48.623Z] [mqzfzqi6gd8ddhuftx4] Verifying token with JWT_SECRET: {}
[2026-06-29T16:38:48.635Z] [mqzfzqi6gd8ddhuftx4] Token verified successfully: {"decoded":{"id":"6a429f7c6aecb49fd9035b04","iat":"2026-06-29T16:38:20.000Z","exp":"2026-07-06T16:38:20.000Z"}}
[2026-06-29T16:38:48.644Z] [mqzfzqi6gd8ddhuftx4] Searching for admin with ID: 6a429f7c6aecb49fd9035b04: {}
[2026-06-29T16:38:48.668Z] [mqzfzqi6gd8ddhuftx4] Admin authenticated successfully: {"adminId":"6a429f7c6aecb49fd9035b04","email":"patilavdhut198@gmail.com","role":"admin","name":"Avdhut Patil"}
[2026-06-29T16:38:48.678Z] [mqzfzqlipshm4hlpfb] authorize() called: {"requiredRoles":["admin"],"userRole":"admin"}
[2026-06-29T16:38:48.690Z] [mqzfzqlipshm4hlpfb] Authorization successful: {"userRole":"admin","requiredRoles":["admin"]}
[2026-06-29T16:38:48.723Z] [mqzfzqmri3x56mbvly] protect() called: {"url":"/admin/gallery","method":"GET","headers":{"authorization":"Bearer [PRESENT]","content-type":"application/json"}}
[2026-06-29T16:38:48.737Z] [mqzfzqmri3x56mbvly] Token extracted: {"tokenLength":171,"tokenPreview":"eyJhbGciOiJIUzI1NiIs..."}
[2026-06-29T16:38:48.753Z] [mqzfzqmri3x56mbvly] Verifying token with JWT_SECRET: {}
[2026-06-29T16:38:48.767Z] [mqzfzqmri3x56mbvly] Token verified successfully: {"decoded":{"id":"6a429f7c6aecb49fd9035b04","iat":"2026-06-29T16:38:20.000Z","exp":"2026-07-06T16:38:20.000Z"}}
[2026-06-29T16:38:48.782Z] [mqzfzqmri3x56mbvly] Searching for admin with ID: 6a429f7c6aecb49fd9035b04: {}
[2026-06-29T16:38:48.800Z] [mqzfzqmri3x56mbvly] Admin authenticated successfully: {"adminId":"6a429f7c6aecb49fd9035b04","email":"patilavdhut198@gmail.com","role":"admin","name":"Avdhut Patil"}
[2026-06-29T16:38:48.813Z] [mqzfzqp8jhrxjxggfpj] authorize() called: {"requiredRoles":["admin"],"userRole":"admin"}
[2026-06-29T16:38:48.827Z] [mqzfzqp8jhrxjxggfpj] Authorization successful: {"userRole":"admin","requiredRoles":["admin"]}
[2026-06-29T16:38:53.334Z] [mqzfzu6tohwn1b9kyf9] protect() called: {"url":"/admin/testimonials?page=1&limit=10","method":"GET","headers":{"authorization":"Bearer [PRESENT]","content-type":"application/json"}}
[2026-06-29T16:38:53.386Z] [mqzfzu6tohwn1b9kyf9] Token extracted: {"tokenLength":171,"tokenPreview":"eyJhbGciOiJIUzI1NiIs..."}
[2026-06-29T16:38:53.394Z] [mqzfzu6tohwn1b9kyf9] Verifying token with JWT_SECRET: {}
[2026-06-29T16:38:53.408Z] [mqzfzu6tohwn1b9kyf9] Token verified successfully: {"decoded":{"id":"6a429f7c6aecb49fd9035b04","iat":"2026-06-29T16:38:20.000Z","exp":"2026-07-06T16:38:20.000Z"}}
[2026-06-29T16:38:53.423Z] [mqzfzu6tohwn1b9kyf9] Searching for admin with ID: 6a429f7c6aecb49fd9035b04: {}
[2026-06-29T16:38:53.440Z] [mqzfzu6tohwn1b9kyf9] Admin authenticated successfully: {"adminId":"6a429f7c6aecb49fd9035b04","email":"patilavdhut198@gmail.com","role":"admin","name":"Avdhut Patil"}
[2026-06-29T16:38:53.449Z] [mqzfzua1d9n9a962lpg] authorize() called: {"requiredRoles":["admin"],"userRole":"admin"}
[2026-06-29T16:38:53.460Z] [mqzfzua1d9n9a962lpg] Authorization successful: {"userRole":"admin","requiredRoles":["admin"]}
[2026-06-29T16:38:53.503Z] [mqzfzubjuhl8eraysv] protect() called: {"url":"/admin/testimonials?page=1&limit=10","method":"GET","headers":{"authorization":"Bearer [PRESENT]","content-type":"application/json"}}
[2026-06-29T16:38:53.511Z] [mqzfzubjuhl8eraysv] Token extracted: {"tokenLength":171,"tokenPreview":"eyJhbGciOiJIUzI1NiIs..."}
[2026-06-29T16:38:53.524Z] [mqzfzubjuhl8eraysv] Verifying token with JWT_SECRET: {}
[2026-06-29T16:38:53.538Z] [mqzfzubjuhl8eraysv] Token verified successfully: {"decoded":{"id":"6a429f7c6aecb49fd9035b04","iat":"2026-06-29T16:38:20.000Z","exp":"2026-07-06T16:38:20.000Z"}}
[2026-06-29T16:38:53.550Z] [mqzfzubjuhl8eraysv] Searching for admin with ID: 6a429f7c6aecb49fd9035b04: {}
[2026-06-29T16:38:53.567Z] [mqzfzubjuhl8eraysv] Admin authenticated successfully: {"adminId":"6a429f7c6aecb49fd9035b04","email":"patilavdhut198@gmail.com","role":"admin","name":"Avdhut Patil"}
[2026-06-29T16:38:53.574Z] [mqzfzudiyptl6rota8i] authorize() called: {"requiredRoles":["admin"],"userRole":"admin"}
[2026-06-29T16:38:53.586Z] [mqzfzudiyptl6rota8i] Authorization successful: {"userRole":"admin","requiredRoles":["admin"]}
[2026-06-29T16:38:54.510Z] [mqzfzv3i2vobshmncxq] protect() called: {"url":"/admin/categories","method":"GET","headers":{"authorization":"Bearer [PRESENT]","content-type":"application/json"}}
[2026-06-29T16:38:54.564Z] [mqzfzv3i2vobshmncxq] Token extracted: {"tokenLength":171,"tokenPreview":"eyJhbGciOiJIUzI1NiIs..."}
[2026-06-29T16:38:54.592Z] [mqzfzv3i2vobshmncxq] Verifying token with JWT_SECRET: {}
[2026-06-29T16:38:54.604Z] [mqzfzv3i2vobshmncxq] Token verified successfully: {"decoded":{"id":"6a429f7c6aecb49fd9035b04","iat":"2026-06-29T16:38:20.000Z","exp":"2026-07-06T16:38:20.000Z"}}
[2026-06-29T16:38:54.615Z] [mqzfzv3i2vobshmncxq] Searching for admin with ID: 6a429f7c6aecb49fd9035b04: {}
[2026-06-29T16:38:54.628Z] [mqzfzv3i2vobshmncxq] Admin authenticated successfully: {"adminId":"6a429f7c6aecb49fd9035b04","email":"patilavdhut198@gmail.com","role":"admin","name":"Avdhut Patil"}
[2026-06-29T16:38:54.641Z] [mqzfzv75amgaz2s2zu7] authorize() called: {"requiredRoles":["admin"],"userRole":"admin"}
[2026-06-29T16:38:54.657Z] [mqzfzv75amgaz2s2zu7] Authorization successful: {"userRole":"admin","requiredRoles":["admin"]}
[2026-06-29T16:38:54.677Z] [mqzfzv858toszl4jti4] protect() called: {"url":"/admin/categories","method":"GET","headers":{"authorization":"Bearer [PRESENT]","content-type":"application/json"}}
[2026-06-29T16:38:54.692Z] [mqzfzv858toszl4jti4] Token extracted: {"tokenLength":171,"tokenPreview":"eyJhbGciOiJIUzI1NiIs..."}
[2026-06-29T16:38:54.706Z] [mqzfzv858toszl4jti4] Verifying token with JWT_SECRET: {}
[2026-06-29T16:38:54.720Z] [mqzfzv858toszl4jti4] Token verified successfully: {"decoded":{"id":"6a429f7c6aecb49fd9035b04","iat":"2026-06-29T16:38:20.000Z","exp":"2026-07-06T16:38:20.000Z"}}
[2026-06-29T16:38:54.728Z] [mqzfzv858toszl4jti4] Searching for admin with ID: 6a429f7c6aecb49fd9035b04: {}
[2026-06-29T16:38:54.742Z] [mqzfzv858toszl4jti4] Admin authenticated successfully: {"adminId":"6a429f7c6aecb49fd9035b04","email":"patilavdhut198@gmail.com","role":"admin","name":"Avdhut Patil"}
[2026-06-29T16:38:54.755Z] [mqzfzvabpl8fdpqada] authorize() called: {"requiredRoles":["admin"],"userRole":"admin"}
[2026-06-29T16:38:54.769Z] [mqzfzvabpl8fdpqada] Authorization successful: {"userRole":"admin","requiredRoles":["admin"]}
[2026-06-29T16:38:55.073Z] [mqzfzvj5um7ng9axbli] protect() called: {"url":"/admin/categories","method":"GET","headers":{"authorization":"Bearer [PRESENT]","content-type":"application/json"}}
[2026-06-29T16:38:55.087Z] [mqzfzvj5um7ng9axbli] Token extracted: {"tokenLength":171,"tokenPreview":"eyJhbGciOiJIUzI1NiIs..."}
[2026-06-29T16:38:55.101Z] [mqzfzvj5um7ng9axbli] Verifying token with JWT_SECRET: {}
[2026-06-29T16:38:55.120Z] [mqzfzvj5um7ng9axbli] Token verified successfully: {"decoded":{"id":"6a429f7c6aecb49fd9035b04","iat":"2026-06-29T16:38:20.000Z","exp":"2026-07-06T16:38:20.000Z"}}
[2026-06-29T16:38:55.185Z] [mqzfzvj5um7ng9axbli] Searching for admin with ID: 6a429f7c6aecb49fd9035b04: {}
[2026-06-29T16:38:55.335Z] [mqzfzvj5um7ng9axbli] Admin authenticated successfully: {"adminId":"6a429f7c6aecb49fd9035b04","email":"patilavdhut198@gmail.com","role":"admin","name":"Avdhut Patil"}
[2026-06-29T16:38:55.382Z] [mqzfzvrqsx0ngxud6cp] authorize() called: {"requiredRoles":["admin"],"userRole":"admin"}
[2026-06-29T16:38:55.410Z] [mqzfzvrqsx0ngxud6cp] Authorization successful: {"userRole":"admin","requiredRoles":["admin"]}
[2026-06-29T16:39:03.211Z] [mqzg01t7tniuve57d8] protect() called: {"url":"/?page=1&limit=10","method":"GET","headers":{"authorization":"Bearer [PRESENT]","content-type":"application/json"}}
[2026-06-29T16:39:03.291Z] [mqzg01t7tniuve57d8] Token extracted: {"tokenLength":171,"tokenPreview":"eyJhbGciOiJIUzI1NiIs..."}
[2026-06-29T16:39:03.307Z] [mqzg01t7tniuve57d8] Verifying token with JWT_SECRET: {}
[2026-06-29T16:39:03.325Z] [mqzg01t7tniuve57d8] Token verified successfully: {"decoded":{"id":"6a429f7c6aecb49fd9035b04","iat":"2026-06-29T16:38:20.000Z","exp":"2026-07-06T16:38:20.000Z"}}
[2026-06-29T16:39:03.339Z] [mqzg01t7tniuve57d8] Searching for admin with ID: 6a429f7c6aecb49fd9035b04: {}
[2026-06-29T16:39:03.356Z] [mqzg01t7tniuve57d8] Admin authenticated successfully: {"adminId":"6a429f7c6aecb49fd9035b04","email":"patilavdhut198@gmail.com","role":"admin","name":"Avdhut Patil"}
[2026-06-29T16:39:03.370Z] [mqzg01xmzgiawu2e9f] authorize() called: {"requiredRoles":["admin"],"userRole":"admin"}
[2026-06-29T16:39:03.386Z] [mqzg01xmzgiawu2e9f] Authorization successful: {"userRole":"admin","requiredRoles":["admin"]}
[2026-06-29T16:39:03.404Z] [mqzg01yk7ip6b684b4t] protect() called: {"url":"/?page=1&limit=10","method":"GET","headers":{"authorization":"Bearer [PRESENT]","content-type":"application/json"}}
[2026-06-29T16:39:03.421Z] [mqzg01yk7ip6b684b4t] Token extracted: {"tokenLength":171,"tokenPreview":"eyJhbGciOiJIUzI1NiIs..."}
[2026-06-29T16:39:03.437Z] [mqzg01yk7ip6b684b4t] Verifying token with JWT_SECRET: {}
[2026-06-29T16:39:03.451Z] [mqzg01yk7ip6b684b4t] Token verified successfully: {"decoded":{"id":"6a429f7c6aecb49fd9035b04","iat":"2026-06-29T16:38:20.000Z","exp":"2026-07-06T16:38:20.000Z"}}
[2026-06-29T16:39:03.458Z] [mqzg01yk7ip6b684b4t] Searching for admin with ID: 6a429f7c6aecb49fd9035b04: {}
[2026-06-29T16:39:03.473Z] [mqzg01yk7ip6b684b4t] Admin authenticated successfully: {"adminId":"6a429f7c6aecb49fd9035b04","email":"patilavdhut198@gmail.com","role":"admin","name":"Avdhut Patil"}
[2026-06-29T16:39:03.485Z] [mqzg020tkcceyjmioeh] authorize() called: {"requiredRoles":["admin"],"userRole":"admin"}
[2026-06-29T16:39:03.492Z] [mqzg020tkcceyjmioeh] Authorization successful: {"userRole":"admin","requiredRoles":["admin"]}
[2026-06-29T16:39:33.001Z] [mqzg0ospbmssrjkg8k] protect() called: {"url":"/admin/about","method":"GET","headers":{"authorization":"Bearer [PRESENT]","content-type":"application/json"}}
[2026-06-29T16:39:33.113Z] [mqzg0ospbmssrjkg8k] Token extracted: {"tokenLength":171,"tokenPreview":"eyJhbGciOiJIUzI1NiIs..."}
[2026-06-29T16:39:33.154Z] [mqzg0ospbmssrjkg8k] Verifying token with JWT_SECRET: {}
[2026-06-29T16:39:33.167Z] [mqzg0ospbmssrjkg8k] Token verified successfully: {"decoded":{"id":"6a429f7c6aecb49fd9035b04","iat":"2026-06-29T16:38:20.000Z","exp":"2026-07-06T16:38:20.000Z"}}
[2026-06-29T16:39:33.179Z] [mqzg0ospbmssrjkg8k] Searching for admin with ID: 6a429f7c6aecb49fd9035b04: {}
[2026-06-29T16:39:33.198Z] [mqzg0ospbmssrjkg8k] Admin authenticated successfully: {"adminId":"6a429f7c6aecb49fd9035b04","email":"patilavdhut198@gmail.com","role":"admin","name":"Avdhut Patil"}
[2026-06-29T16:39:33.213Z] [mqzg0oyl9ggbjukkx5] authorize() called: {"requiredRoles":["admin"],"userRole":"admin"}
[2026-06-29T16:39:33.220Z] [mqzg0oyl9ggbjukkx5] Authorization successful: {"userRole":"admin","requiredRoles":["admin"]}
[2026-06-29T16:39:33.246Z] [mqzg0ozicsfr3cwyf1i] protect() called: {"url":"/admin/about","method":"GET","headers":{"authorization":"Bearer [PRESENT]","content-type":"application/json"}}
[2026-06-29T16:39:33.261Z] [mqzg0ozicsfr3cwyf1i] Token extracted: {"tokenLength":171,"tokenPreview":"eyJhbGciOiJIUzI1NiIs..."}
[2026-06-29T16:39:33.279Z] [mqzg0ozicsfr3cwyf1i] Verifying token with JWT_SECRET: {}
[2026-06-29T16:39:33.291Z] [mqzg0ozicsfr3cwyf1i] Token verified successfully: {"decoded":{"id":"6a429f7c6aecb49fd9035b04","iat":"2026-06-29T16:38:20.000Z","exp":"2026-07-06T16:38:20.000Z"}}
[2026-06-29T16:39:33.301Z] [mqzg0ozicsfr3cwyf1i] Searching for admin with ID: 6a429f7c6aecb49fd9035b04: {}
[2026-06-29T16:39:33.317Z] [mqzg0ozicsfr3cwyf1i] Admin authenticated successfully: {"adminId":"6a429f7c6aecb49fd9035b04","email":"patilavdhut198@gmail.com","role":"admin","name":"Avdhut Patil"}
[2026-06-29T16:39:33.326Z] [mqzg0p1qw0tx4d88sa] authorize() called: {"requiredRoles":["admin"],"userRole":"admin"}
[2026-06-29T16:39:33.334Z] [mqzg0p1qw0tx4d88sa] Authorization successful: {"userRole":"admin","requiredRoles":["admin"]}
[2026-06-29T16:46:01.095Z] [mqzg90930mwdnvtqxehj] protect() called: {"url":"/orders?page=1&limit=10","method":"GET","headers":{"authorization":"Bearer [PRESENT]","content-type":"application/json"}}
[2026-06-29T16:46:01.127Z] [mqzg90930mwdnvtqxehj] Token extracted: {"tokenLength":171,"tokenPreview":"eyJhbGciOiJIUzI1NiIs..."}
[2026-06-29T16:46:01.144Z] [mqzg90930mwdnvtqxehj] Verifying token with JWT_SECRET: {}
[2026-06-29T16:46:01.162Z] [mqzg90930mwdnvtqxehj] Token verified successfully: {"decoded":{"id":"6a429f7c6aecb49fd9035b04","iat":"2026-06-29T16:38:20.000Z","exp":"2026-07-06T16:38:20.000Z"}}
[2026-06-29T16:46:01.176Z] [mqzg90930mwdnvtqxehj] Searching for admin with ID: 6a429f7c6aecb49fd9035b04: {}
[2026-06-29T16:46:01.224Z] [mqzg90930mwdnvtqxehj] Admin authenticated successfully: {"adminId":"6a429f7c6aecb49fd9035b04","email":"patilavdhut198@gmail.com","role":"admin","name":"Avdhut Patil"}
[2026-06-29T16:46:01.237Z] [mqzg90d0ylzk1nopwhh] authorize() called: {"requiredRoles":["admin"],"userRole":"admin"}
[2026-06-29T16:46:01.244Z] [mqzg90d0ylzk1nopwhh] Authorization successful: {"userRole":"admin","requiredRoles":["admin"]}
[2026-06-29T16:46:01.421Z] [mqzg90i550iff7yjpwm] protect() called: {"url":"/orders?page=1&limit=10","method":"GET","headers":{"authorization":"Bearer [PRESENT]","content-type":"application/json"}}
[2026-06-29T16:46:01.522Z] [mqzg90i550iff7yjpwm] Token extracted: {"tokenLength":171,"tokenPreview":"eyJhbGciOiJIUzI1NiIs..."}
[2026-06-29T16:46:01.538Z] [mqzg90i550iff7yjpwm] Verifying token with JWT_SECRET: {}
[2026-06-29T16:46:01.552Z] [mqzg90i550iff7yjpwm] Token verified successfully: {"decoded":{"id":"6a429f7c6aecb49fd9035b04","iat":"2026-06-29T16:38:20.000Z","exp":"2026-07-06T16:38:20.000Z"}}
[2026-06-29T16:46:01.560Z] [mqzg90i550iff7yjpwm] Searching for admin with ID: 6a429f7c6aecb49fd9035b04: {}
[2026-06-29T16:46:01.576Z] [mqzg90i550iff7yjpwm] Admin authenticated successfully: {"adminId":"6a429f7c6aecb49fd9035b04","email":"patilavdhut198@gmail.com","role":"admin","name":"Avdhut Patil"}
[2026-06-29T16:46:01.587Z] [mqzg90mreqzjwo68vun] authorize() called: {"requiredRoles":["admin"],"userRole":"admin"}
[2026-06-29T16:46:01.594Z] [mqzg90mreqzjwo68vun] Authorization successful: {"userRole":"admin","requiredRoles":["admin"]}
[2026-06-29T16:46:03.491Z] [mqzg923n9ln21lc3r2b] protect() called: {"url":"/users?page=1&limit=10","method":"GET","headers":{"authorization":"Bearer [PRESENT]","content-type":"application/json"}}
[2026-06-29T16:46:03.502Z] [mqzg923n9ln21lc3r2b] Token extracted: {"tokenLength":171,"tokenPreview":"eyJhbGciOiJIUzI1NiIs..."}
[2026-06-29T16:46:03.511Z] [mqzg923n9ln21lc3r2b] Verifying token with JWT_SECRET: {}
[2026-06-29T16:46:03.525Z] [mqzg923n9ln21lc3r2b] Token verified successfully: {"decoded":{"id":"6a429f7c6aecb49fd9035b04","iat":"2026-06-29T16:38:20.000Z","exp":"2026-07-06T16:38:20.000Z"}}
[2026-06-29T16:46:03.538Z] [mqzg923n9ln21lc3r2b] Searching for admin with ID: 6a429f7c6aecb49fd9035b04: {}
[2026-06-29T16:46:03.557Z] [mqzg925h858tv0kqnf5] protect() called: {"url":"/users/stats","method":"GET","headers":{"authorization":"Bearer [PRESENT]","content-type":"application/json"}}
[2026-06-29T16:46:03.570Z] [mqzg925h858tv0kqnf5] Token extracted: {"tokenLength":171,"tokenPreview":"eyJhbGciOiJIUzI1NiIs..."}
[2026-06-29T16:46:03.578Z] [mqzg925h858tv0kqnf5] Verifying token with JWT_SECRET: {}
[2026-06-29T16:46:03.594Z] [mqzg925h858tv0kqnf5] Token verified successfully: {"decoded":{"id":"6a429f7c6aecb49fd9035b04","iat":"2026-06-29T16:38:20.000Z","exp":"2026-07-06T16:38:20.000Z"}}
[2026-06-29T16:46:03.606Z] [mqzg925h858tv0kqnf5] Searching for admin with ID: 6a429f7c6aecb49fd9035b04: {}
[2026-06-29T16:46:03.623Z] [mqzg923n9ln21lc3r2b] Admin authenticated successfully: {"adminId":"6a429f7c6aecb49fd9035b04","email":"patilavdhut198@gmail.com","role":"admin","name":"Avdhut Patil"}
[2026-06-29T16:46:03.636Z] [mqzg927n0yja6ewxztwf] authorize() called: {"requiredRoles":["admin"],"userRole":"admin"}
[2026-06-29T16:46:03.644Z] [mqzg927n0yja6ewxztwf] Authorization successful: {"userRole":"admin","requiredRoles":["admin"]}
[2026-06-29T16:46:03.656Z] [mqzg92881igtgi2u5ba] protect() called: {"url":"/users?page=1&limit=10","method":"GET","headers":{"authorization":"Bearer [PRESENT]","content-type":"application/json"}}
[2026-06-29T16:46:03.667Z] [mqzg92881igtgi2u5ba] Token extracted: {"tokenLength":171,"tokenPreview":"eyJhbGciOiJIUzI1NiIs..."}
[2026-06-29T16:46:03.676Z] [mqzg92881igtgi2u5ba] Verifying token with JWT_SECRET: {}
[2026-06-29T16:46:03.689Z] [mqzg92881igtgi2u5ba] Token verified successfully: {"decoded":{"id":"6a429f7c6aecb49fd9035b04","iat":"2026-06-29T16:38:20.000Z","exp":"2026-07-06T16:38:20.000Z"}}
[2026-06-29T16:46:03.702Z] [mqzg92881igtgi2u5ba] Searching for admin with ID: 6a429f7c6aecb49fd9035b04: {}
[2026-06-29T16:46:03.715Z] [mqzg925h858tv0kqnf5] Admin authenticated successfully: {"adminId":"6a429f7c6aecb49fd9035b04","email":"patilavdhut198@gmail.com","role":"admin","name":"Avdhut Patil"}
[2026-06-29T16:46:03.726Z] [mqzg92a6jtsj9s4xdpp] authorize() called: {"requiredRoles":["admin"],"userRole":"admin"}
[2026-06-29T16:46:03.737Z] [mqzg92a6jtsj9s4xdpp] Authorization successful: {"userRole":"admin","requiredRoles":["admin"]}
[2026-06-29T16:46:03.744Z] [mqzg92aoxh2okmoi32e] protect() called: {"url":"/users/stats","method":"GET","headers":{"authorization":"Bearer [PRESENT]","content-type":"application/json"}}
[2026-06-29T16:46:03.755Z] [mqzg92aoxh2okmoi32e] Token extracted: {"tokenLength":171,"tokenPreview":"eyJhbGciOiJIUzI1NiIs..."}
[2026-06-29T16:46:03.766Z] [mqzg92aoxh2okmoi32e] Verifying token with JWT_SECRET: {}
[2026-06-29T16:46:03.775Z] [mqzg92aoxh2okmoi32e] Token verified successfully: {"decoded":{"id":"6a429f7c6aecb49fd9035b04","iat":"2026-06-29T16:38:20.000Z","exp":"2026-07-06T16:38:20.000Z"}}
[2026-06-29T16:46:03.785Z] [mqzg92aoxh2okmoi32e] Searching for admin with ID: 6a429f7c6aecb49fd9035b04: {}
[2026-06-29T16:46:03.799Z] [mqzg92881igtgi2u5ba] Admin authenticated successfully: {"adminId":"6a429f7c6aecb49fd9035b04","email":"patilavdhut198@gmail.com","role":"admin","name":"Avdhut Patil"}
[2026-06-29T16:46:03.807Z] [mqzg92cfrnvb0qxw7kt] authorize() called: {"requiredRoles":["admin"],"userRole":"admin"}
[2026-06-29T16:46:03.817Z] [mqzg92cfrnvb0qxw7kt] Authorization successful: {"userRole":"admin","requiredRoles":["admin"]}
[2026-06-29T16:46:03.832Z] [mqzg92aoxh2okmoi32e] Admin authenticated successfully: {"adminId":"6a429f7c6aecb49fd9035b04","email":"patilavdhut198@gmail.com","role":"admin","name":"Avdhut Patil"}
[2026-06-29T16:46:03.842Z] [mqzg92dd0c4ict2p88ep] authorize() called: {"requiredRoles":["admin"],"userRole":"admin"}
[2026-06-29T16:46:03.853Z] [mqzg92dd0c4ict2p88ep] Authorization successful: {"userRole":"admin","requiredRoles":["admin"]}
[2026-06-29T16:46:03.894Z] [mqzg92eupt5u9rqffv] protect() called: {"url":"/users?page=1&limit=10","method":"GET","headers":{"authorization":"Bearer [PRESENT]","content-type":"application/json"}}
[2026-06-29T16:46:03.907Z] [mqzg92eupt5u9rqffv] Token extracted: {"tokenLength":171,"tokenPreview":"eyJhbGciOiJIUzI1NiIs..."}
[2026-06-29T16:46:03.915Z] [mqzg92eupt5u9rqffv] Verifying token with JWT_SECRET: {}
[2026-06-29T16:46:03.934Z] [mqzg92eupt5u9rqffv] Token verified successfully: {"decoded":{"id":"6a429f7c6aecb49fd9035b04","iat":"2026-06-29T16:38:20.000Z","exp":"2026-07-06T16:38:20.000Z"}}
[2026-06-29T16:46:03.949Z] [mqzg92eupt5u9rqffv] Searching for admin with ID: 6a429f7c6aecb49fd9035b04: {}
[2026-06-29T16:46:03.974Z] [mqzg92eupt5u9rqffv] Admin authenticated successfully: {"adminId":"6a429f7c6aecb49fd9035b04","email":"patilavdhut198@gmail.com","role":"admin","name":"Avdhut Patil"}
[2026-06-29T16:46:03.988Z] [mqzg92hf0aolykgzun4] authorize() called: {"requiredRoles":["admin"],"userRole":"admin"}
[2026-06-29T16:46:03.995Z] [mqzg92hf0aolykgzun4] Authorization successful: {"userRole":"admin","requiredRoles":["admin"]}
[2026-06-29T16:46:04.011Z] [mqzg92i3s7yjydx6q1h] protect() called: {"url":"/users?page=1&limit=10","method":"GET","headers":{"authorization":"Bearer [PRESENT]","content-type":"application/json"}}
[2026-06-29T16:46:04.023Z] [mqzg92i3s7yjydx6q1h] Token extracted: {"tokenLength":171,"tokenPreview":"eyJhbGciOiJIUzI1NiIs..."}
[2026-06-29T16:46:04.036Z] [mqzg92i3s7yjydx6q1h] Verifying token with JWT_SECRET: {}
[2026-06-29T16:46:04.048Z] [mqzg92i3s7yjydx6q1h] Token verified successfully: {"decoded":{"id":"6a429f7c6aecb49fd9035b04","iat":"2026-06-29T16:38:20.000Z","exp":"2026-07-06T16:38:20.000Z"}}
[2026-06-29T16:46:04.056Z] [mqzg92i3s7yjydx6q1h] Searching for admin with ID: 6a429f7c6aecb49fd9035b04: {}
[2026-06-29T16:46:04.117Z] [mqzg92i3s7yjydx6q1h] Admin authenticated successfully: {"adminId":"6a429f7c6aecb49fd9035b04","email":"patilavdhut198@gmail.com","role":"admin","name":"Avdhut Patil"}
[2026-06-29T16:46:04.127Z] [mqzg92lbh65sx6nox3] authorize() called: {"requiredRoles":["admin"],"userRole":"admin"}
[2026-06-29T16:46:04.158Z] [mqzg92lbh65sx6nox3] Authorization successful: {"userRole":"admin","requiredRoles":["admin"]}
[2026-06-29T16:46:04.214Z] [mqzg92nqygqyakfv7p] protect() called: {"url":"/users/stats","method":"GET","headers":{"authorization":"Bearer [PRESENT]","content-type":"application/json"}}
[2026-06-29T16:46:04.234Z] [mqzg92nqygqyakfv7p] Token extracted: {"tokenLength":171,"tokenPreview":"eyJhbGciOiJIUzI1NiIs..."}
[2026-06-29T16:46:04.245Z] [mqzg92nqygqyakfv7p] Verifying token with JWT_SECRET: {}
[2026-06-29T16:46:04.271Z] [mqzg92nqygqyakfv7p] Token verified successfully: {"decoded":{"id":"6a429f7c6aecb49fd9035b04","iat":"2026-06-29T16:38:20.000Z","exp":"2026-07-06T16:38:20.000Z"}}
[2026-06-29T16:46:04.289Z] [mqzg92nqygqyakfv7p] Searching for admin with ID: 6a429f7c6aecb49fd9035b04: {}
[2026-06-29T16:46:04.322Z] [mqzg92nqygqyakfv7p] Admin authenticated successfully: {"adminId":"6a429f7c6aecb49fd9035b04","email":"patilavdhut198@gmail.com","role":"admin","name":"Avdhut Patil"}
[2026-06-29T16:46:04.339Z] [mqzg92r731sxtoc8qxj] authorize() called: {"requiredRoles":["admin"],"userRole":"admin"}
[2026-06-29T16:46:04.360Z] [mqzg92r731sxtoc8qxj] Authorization successful: {"userRole":"admin","requiredRoles":["admin"]}
[2026-06-29T16:46:04.376Z] [mqzg92s8ugiqnqbc4n] protect() called: {"url":"/users/stats","method":"GET","headers":{"authorization":"Bearer [PRESENT]","content-type":"application/json"}}
[2026-06-29T16:46:04.391Z] [mqzg92s8ugiqnqbc4n] Token extracted: {"tokenLength":171,"tokenPreview":"eyJhbGciOiJIUzI1NiIs..."}
[2026-06-29T16:46:04.408Z] [mqzg92s8ugiqnqbc4n] Verifying token with JWT_SECRET: {}
[2026-06-29T16:46:04.423Z] [mqzg92s8ugiqnqbc4n] Token verified successfully: {"decoded":{"id":"6a429f7c6aecb49fd9035b04","iat":"2026-06-29T16:38:20.000Z","exp":"2026-07-06T16:38:20.000Z"}}
[2026-06-29T16:46:04.439Z] [mqzg92s8ugiqnqbc4n] Searching for admin with ID: 6a429f7c6aecb49fd9035b04: {}
[2026-06-29T16:46:04.457Z] [mqzg92uh9y4w7fp5mqm] protect() called: {"url":"/users?page=1&limit=10","method":"GET","headers":{"authorization":"Bearer [PRESENT]","content-type":"application/json"}}
[2026-06-29T16:46:04.473Z] [mqzg92uh9y4w7fp5mqm] Token extracted: {"tokenLength":171,"tokenPreview":"eyJhbGciOiJIUzI1NiIs..."}
[2026-06-29T16:46:04.487Z] [mqzg92uh9y4w7fp5mqm] Verifying token with JWT_SECRET: {}
[2026-06-29T16:46:04.503Z] [mqzg92uh9y4w7fp5mqm] Token verified successfully: {"decoded":{"id":"6a429f7c6aecb49fd9035b04","iat":"2026-06-29T16:38:20.000Z","exp":"2026-07-06T16:38:20.000Z"}}
[2026-06-29T16:46:04.517Z] [mqzg92uh9y4w7fp5mqm] Searching for admin with ID: 6a429f7c6aecb49fd9035b04: {}
[2026-06-29T16:46:04.544Z] [mqzg92s8ugiqnqbc4n] Admin authenticated successfully: {"adminId":"6a429f7c6aecb49fd9035b04","email":"patilavdhut198@gmail.com","role":"admin","name":"Avdhut Patil"}
[2026-06-29T16:46:04.556Z] [mqzg92x8cmcwpdd5m6] authorize() called: {"requiredRoles":["admin"],"userRole":"admin"}
[2026-06-29T16:46:04.568Z] [mqzg92x8cmcwpdd5m6] Authorization successful: {"userRole":"admin","requiredRoles":["admin"]}
[2026-06-29T16:46:04.595Z] [mqzg92uh9y4w7fp5mqm] Admin authenticated successfully: {"adminId":"6a429f7c6aecb49fd9035b04","email":"patilavdhut198@gmail.com","role":"admin","name":"Avdhut Patil"}
[2026-06-29T16:46:04.611Z] [mqzg92yrmajl7arfjrh] authorize() called: {"requiredRoles":["admin"],"userRole":"admin"}
[2026-06-29T16:46:04.626Z] [mqzg92yrmajl7arfjrh] Authorization successful: {"userRole":"admin","requiredRoles":["admin"]}
[2026-06-29T16:46:04.638Z] [mqzg92ziuoxtqt27clc] protect() called: {"url":"/users?page=1&limit=10","method":"GET","headers":{"authorization":"Bearer [PRESENT]","content-type":"application/json"}}
[2026-06-29T16:46:04.649Z] [mqzg92ziuoxtqt27clc] Token extracted: {"tokenLength":171,"tokenPreview":"eyJhbGciOiJIUzI1NiIs..."}
[2026-06-29T16:46:04.661Z] [mqzg92ziuoxtqt27clc] Verifying token with JWT_SECRET: {}
[2026-06-29T16:46:04.674Z] [mqzg92ziuoxtqt27clc] Token verified successfully: {"decoded":{"id":"6a429f7c6aecb49fd9035b04","iat":"2026-06-29T16:38:20.000Z","exp":"2026-07-06T16:38:20.000Z"}}
[2026-06-29T16:46:04.687Z] [mqzg92ziuoxtqt27clc] Searching for admin with ID: 6a429f7c6aecb49fd9035b04: {}
[2026-06-29T16:46:04.709Z] [mqzg92ziuoxtqt27clc] Admin authenticated successfully: {"adminId":"6a429f7c6aecb49fd9035b04","email":"patilavdhut198@gmail.com","role":"admin","name":"Avdhut Patil"}
[2026-06-29T16:46:04.722Z] [mqzg931ugpnhhp0ntd] authorize() called: {"requiredRoles":["admin"],"userRole":"admin"}
[2026-06-29T16:46:04.734Z] [mqzg931ugpnhhp0ntd] Authorization successful: {"userRole":"admin","requiredRoles":["admin"]}
[2026-06-29T16:46:05.301Z] [mqzg93hxnfub9xhfm49] protect() called: {"url":"/banners?page=1&limit=10","method":"GET","headers":{"authorization":"Bearer [PRESENT]","content-type":"application/json"}}
[2026-06-29T16:46:05.349Z] [mqzg93hxnfub9xhfm49] Token extracted: {"tokenLength":171,"tokenPreview":"eyJhbGciOiJIUzI1NiIs..."}
[2026-06-29T16:46:05.359Z] [mqzg93hxnfub9xhfm49] Verifying token with JWT_SECRET: {}
[2026-06-29T16:46:05.374Z] [mqzg93hxnfub9xhfm49] Token verified successfully: {"decoded":{"id":"6a429f7c6aecb49fd9035b04","iat":"2026-06-29T16:38:20.000Z","exp":"2026-07-06T16:38:20.000Z"}}
[2026-06-29T16:46:05.389Z] [mqzg93hxnfub9xhfm49] Searching for admin with ID: 6a429f7c6aecb49fd9035b04: {}
[2026-06-29T16:46:05.409Z] [mqzg93hxnfub9xhfm49] Admin authenticated successfully: {"adminId":"6a429f7c6aecb49fd9035b04","email":"patilavdhut198@gmail.com","role":"admin","name":"Avdhut Patil"}
[2026-06-29T16:46:05.424Z] [mqzg93lc09owxii5xdk4] authorize() called: {"requiredRoles":["admin"],"userRole":"admin"}
[2026-06-29T16:46:05.441Z] [mqzg93lc09owxii5xdk4] Authorization successful: {"userRole":"admin","requiredRoles":["admin"]}
[2026-06-29T16:46:05.479Z] [mqzg93mvb3l4gwznvuq] protect() called: {"url":"/banners?page=1&limit=10","method":"GET","headers":{"authorization":"Bearer [PRESENT]","content-type":"application/json"}}
[2026-06-29T16:46:05.494Z] [mqzg93mvb3l4gwznvuq] Token extracted: {"tokenLength":171,"tokenPreview":"eyJhbGciOiJIUzI1NiIs..."}
[2026-06-29T16:46:05.520Z] [mqzg93mvb3l4gwznvuq] Verifying token with JWT_SECRET: {}
[2026-06-29T16:46:05.531Z] [mqzg93mvb3l4gwznvuq] Token verified successfully: {"decoded":{"id":"6a429f7c6aecb49fd9035b04","iat":"2026-06-29T16:38:20.000Z","exp":"2026-07-06T16:38:20.000Z"}}
[2026-06-29T16:46:05.542Z] [mqzg93mvb3l4gwznvuq] Searching for admin with ID: 6a429f7c6aecb49fd9035b04: {}
[2026-06-29T16:46:05.560Z] [mqzg93mvb3l4gwznvuq] Admin authenticated successfully: {"adminId":"6a429f7c6aecb49fd9035b04","email":"patilavdhut198@gmail.com","role":"admin","name":"Avdhut Patil"}
[2026-06-29T16:46:05.590Z] [mqzg93pyqfr5zvmb9g] authorize() called: {"requiredRoles":["admin"],"userRole":"admin"}
[2026-06-29T16:46:05.609Z] [mqzg93pyqfr5zvmb9g] Authorization successful: {"userRole":"admin","requiredRoles":["admin"]}
[2026-06-29T16:46:05.787Z] [mqzg93vfoyge5f2oks] protect() called: {"url":"/banners?page=1&limit=10","method":"GET","headers":{"authorization":"Bearer [PRESENT]","content-type":"application/json"}}
[2026-06-29T16:46:05.851Z] [mqzg93vfoyge5f2oks] Token extracted: {"tokenLength":171,"tokenPreview":"eyJhbGciOiJIUzI1NiIs..."}
[2026-06-29T16:46:05.944Z] [mqzg93vfoyge5f2oks] Verifying token with JWT_SECRET: {}
[2026-06-29T16:46:05.983Z] [mqzg93vfoyge5f2oks] Token verified successfully: {"decoded":{"id":"6a429f7c6aecb49fd9035b04","iat":"2026-06-29T16:38:20.000Z","exp":"2026-07-06T16:38:20.000Z"}}
[2026-06-29T16:46:05.992Z] [mqzg93vfoyge5f2oks] Searching for admin with ID: 6a429f7c6aecb49fd9035b04: {}
[2026-06-29T16:46:06.016Z] [mqzg93vfoyge5f2oks] Admin authenticated successfully: {"adminId":"6a429f7c6aecb49fd9035b04","email":"patilavdhut198@gmail.com","role":"admin","name":"Avdhut Patil"}
[2026-06-29T16:46:06.026Z] [mqzg94227vbc6b4u2hm] authorize() called: {"requiredRoles":["admin"],"userRole":"admin"}
[2026-06-29T16:46:06.039Z] [mqzg94227vbc6b4u2hm] Authorization successful: {"userRole":"admin","requiredRoles":["admin"]}
[2026-06-29T16:46:07.353Z] [mqzg952x6dzeb2bmrks] protect() called: {"url":"/admin/about","method":"GET","headers":{"authorization":"Bearer [PRESENT]","content-type":"application/json"}}
[2026-06-29T16:46:07.424Z] [mqzg952x6dzeb2bmrks] Token extracted: {"tokenLength":171,"tokenPreview":"eyJhbGciOiJIUzI1NiIs..."}
[2026-06-29T16:46:07.500Z] [mqzg952x6dzeb2bmrks] Verifying token with JWT_SECRET: {}
[2026-06-29T16:46:07.525Z] [mqzg952x6dzeb2bmrks] Token verified successfully: {"decoded":{"id":"6a429f7c6aecb49fd9035b04","iat":"2026-06-29T16:38:20.000Z","exp":"2026-07-06T16:38:20.000Z"}}
[2026-06-29T16:46:07.542Z] [mqzg952x6dzeb2bmrks] Searching for admin with ID: 6a429f7c6aecb49fd9035b04: {}
[2026-06-29T16:46:07.557Z] [mqzg952x6dzeb2bmrks] Admin authenticated successfully: {"adminId":"6a429f7c6aecb49fd9035b04","email":"patilavdhut198@gmail.com","role":"admin","name":"Avdhut Patil"}
[2026-06-29T16:46:07.568Z] [mqzg958wb2l4w3sp2fc] authorize() called: {"requiredRoles":["admin"],"userRole":"admin"}
[2026-06-29T16:46:07.576Z] [mqzg958wb2l4w3sp2fc] Authorization successful: {"userRole":"admin","requiredRoles":["admin"]}
[2026-06-29T16:46:07.605Z] [mqzg959xz79g42znbvq] protect() called: {"url":"/admin/about","method":"GET","headers":{"authorization":"Bearer [PRESENT]","content-type":"application/json"}}
[2026-06-29T16:46:07.619Z] [mqzg959xz79g42znbvq] Token extracted: {"tokenLength":171,"tokenPreview":"eyJhbGciOiJIUzI1NiIs..."}
[2026-06-29T16:46:07.637Z] [mqzg959xz79g42znbvq] Verifying token with JWT_SECRET: {}
[2026-06-29T16:46:07.650Z] [mqzg959xz79g42znbvq] Token verified successfully: {"decoded":{"id":"6a429f7c6aecb49fd9035b04","iat":"2026-06-29T16:38:20.000Z","exp":"2026-07-06T16:38:20.000Z"}}
[2026-06-29T16:46:07.659Z] [mqzg959xz79g42znbvq] Searching for admin with ID: 6a429f7c6aecb49fd9035b04: {}
[2026-06-29T16:46:07.676Z] [mqzg959xz79g42znbvq] Admin authenticated successfully: {"adminId":"6a429f7c6aecb49fd9035b04","email":"patilavdhut198@gmail.com","role":"admin","name":"Avdhut Patil"}
[2026-06-29T16:46:07.686Z] [mqzg95c6cryu4tku3kl] authorize() called: {"requiredRoles":["admin"],"userRole":"admin"}
[2026-06-29T16:46:07.697Z] [mqzg95c6cryu4tku3kl] Authorization successful: {"userRole":"admin","requiredRoles":["admin"]}
[2026-06-29T16:46:09.721Z] [mqzg96wpbvedj6un2k] protect() called: {"url":"/admin/gallery","method":"GET","headers":{"authorization":"Bearer [PRESENT]","content-type":"application/json"}}
[2026-06-29T16:46:09.805Z] [mqzg96wpbvedj6un2k] Token extracted: {"tokenLength":171,"tokenPreview":"eyJhbGciOiJIUzI1NiIs..."}
[2026-06-29T16:46:09.816Z] [mqzg96wpbvedj6un2k] Verifying token with JWT_SECRET: {}
[2026-06-29T16:46:09.835Z] [mqzg96wpbvedj6un2k] Token verified successfully: {"decoded":{"id":"6a429f7c6aecb49fd9035b04","iat":"2026-06-29T16:38:20.000Z","exp":"2026-07-06T16:38:20.000Z"}}
[2026-06-29T16:46:09.852Z] [mqzg96wpbvedj6un2k] Searching for admin with ID: 6a429f7c6aecb49fd9035b04: {}
[2026-06-29T16:46:09.874Z] [mqzg96wpbvedj6un2k] Admin authenticated successfully: {"adminId":"6a429f7c6aecb49fd9035b04","email":"patilavdhut198@gmail.com","role":"admin","name":"Avdhut Patil"}
[2026-06-29T16:46:09.890Z] [mqzg971eiohn3t9g0es] authorize() called: {"requiredRoles":["admin"],"userRole":"admin"}
[2026-06-29T16:46:09.905Z] [mqzg971eiohn3t9g0es] Authorization successful: {"userRole":"admin","requiredRoles":["admin"]}
[2026-06-29T16:46:09.937Z] [mqzg972poz4jyd745q] protect() called: {"url":"/admin/gallery","method":"GET","headers":{"authorization":"Bearer [PRESENT]","content-type":"application/json"}}
[2026-06-29T16:46:09.955Z] [mqzg972poz4jyd745q] Token extracted: {"tokenLength":171,"tokenPreview":"eyJhbGciOiJIUzI1NiIs..."}
[2026-06-29T16:46:09.969Z] [mqzg972poz4jyd745q] Verifying token with JWT_SECRET: {}
[2026-06-29T16:46:09.992Z] [mqzg972poz4jyd745q] Token verified successfully: {"decoded":{"id":"6a429f7c6aecb49fd9035b04","iat":"2026-06-29T16:38:20.000Z","exp":"2026-07-06T16:38:20.000Z"}}
[2026-06-29T16:46:10.009Z] [mqzg972poz4jyd745q] Searching for admin with ID: 6a429f7c6aecb49fd9035b04: {}
[2026-06-29T16:46:10.051Z] [mqzg972poz4jyd745q] Admin authenticated successfully: {"adminId":"6a429f7c6aecb49fd9035b04","email":"patilavdhut198@gmail.com","role":"admin","name":"Avdhut Patil"}
[2026-06-29T16:46:10.069Z] [mqzg976d33abwac3qni] authorize() called: {"requiredRoles":["admin"],"userRole":"admin"}
[2026-06-29T16:46:10.102Z] [mqzg976d33abwac3qni] Authorization successful: {"userRole":"admin","requiredRoles":["admin"]}
[2026-06-29T16:46:14.208Z] [mqzg9adcarfdw8nluc] protect() called: {"url":"/admin/products?page=1&limit=10","method":"GET","headers":{"authorization":"Bearer [PRESENT]","content-type":"application/json"}}
[2026-06-29T16:46:14.225Z] [mqzg9adcarfdw8nluc] Token extracted: {"tokenLength":171,"tokenPreview":"eyJhbGciOiJIUzI1NiIs..."}
[2026-06-29T16:46:14.243Z] [mqzg9adcarfdw8nluc] Verifying token with JWT_SECRET: {}
[2026-06-29T16:46:14.256Z] [mqzg9adcarfdw8nluc] Token verified successfully: {"decoded":{"id":"6a429f7c6aecb49fd9035b04","iat":"2026-06-29T16:38:20.000Z","exp":"2026-07-06T16:38:20.000Z"}}
[2026-06-29T16:46:14.270Z] [mqzg9adcarfdw8nluc] Searching for admin with ID: 6a429f7c6aecb49fd9035b04: {}
[2026-06-29T16:46:14.286Z] [mqzg9afihe1c4g0hbjh] protect() called: {"url":"/admin/categories","method":"GET","headers":{"authorization":"Bearer [PRESENT]","content-type":"application/json"}}
[2026-06-29T16:46:14.297Z] [mqzg9afihe1c4g0hbjh] Token extracted: {"tokenLength":171,"tokenPreview":"eyJhbGciOiJIUzI1NiIs..."}
[2026-06-29T16:46:14.308Z] [mqzg9afihe1c4g0hbjh] Verifying token with JWT_SECRET: {}
[2026-06-29T16:46:14.322Z] [mqzg9afihe1c4g0hbjh] Token verified successfully: {"decoded":{"id":"6a429f7c6aecb49fd9035b04","iat":"2026-06-29T16:38:20.000Z","exp":"2026-07-06T16:38:20.000Z"}}
[2026-06-29T16:46:14.336Z] [mqzg9afihe1c4g0hbjh] Searching for admin with ID: 6a429f7c6aecb49fd9035b04: {}
[2026-06-29T16:46:14.350Z] [mqzg9adcarfdw8nluc] Admin authenticated successfully: {"adminId":"6a429f7c6aecb49fd9035b04","email":"patilavdhut198@gmail.com","role":"admin","name":"Avdhut Patil"}
[2026-06-29T16:46:14.358Z] [mqzg9ahims7ffochck] authorize() called: {"requiredRoles":["admin"],"userRole":"admin"}
[2026-06-29T16:46:14.375Z] [mqzg9ahims7ffochck] Authorization successful: {"userRole":"admin","requiredRoles":["admin"]}
[2026-06-29T16:46:14.404Z] [mqzg9afihe1c4g0hbjh] Admin authenticated successfully: {"adminId":"6a429f7c6aecb49fd9035b04","email":"patilavdhut198@gmail.com","role":"admin","name":"Avdhut Patil"}
[2026-06-29T16:46:14.417Z] [mqzg9aj5uroo4yfmt6j] authorize() called: {"requiredRoles":["admin"],"userRole":"admin"}
[2026-06-29T16:46:14.426Z] [mqzg9aj5uroo4yfmt6j] Authorization successful: {"userRole":"admin","requiredRoles":["admin"]}
[2026-06-29T16:46:14.455Z] [mqzg9ak73k8mdrlkb2w] protect() called: {"url":"/admin/categories","method":"GET","headers":{"authorization":"Bearer [PRESENT]","content-type":"application/json"}}
[2026-06-29T16:46:14.472Z] [mqzg9ak73k8mdrlkb2w] Token extracted: {"tokenLength":171,"tokenPreview":"eyJhbGciOiJIUzI1NiIs..."}
[2026-06-29T16:46:14.489Z] [mqzg9ak73k8mdrlkb2w] Verifying token with JWT_SECRET: {}
[2026-06-29T16:46:14.506Z] [mqzg9ak73k8mdrlkb2w] Token verified successfully: {"decoded":{"id":"6a429f7c6aecb49fd9035b04","iat":"2026-06-29T16:38:20.000Z","exp":"2026-07-06T16:38:20.000Z"}}
[2026-06-29T16:46:14.519Z] [mqzg9ak73k8mdrlkb2w] Searching for admin with ID: 6a429f7c6aecb49fd9035b04: {}
[2026-06-29T16:46:14.535Z] [mqzg9amfrpz0wqcela] protect() called: {"url":"/admin/products?page=1&limit=10","method":"GET","headers":{"authorization":"Bearer [PRESENT]","content-type":"application/json"}}
[2026-06-29T16:46:14.543Z] [mqzg9amfrpz0wqcela] Token extracted: {"tokenLength":171,"tokenPreview":"eyJhbGciOiJIUzI1NiIs..."}
[2026-06-29T16:46:14.555Z] [mqzg9amfrpz0wqcela] Verifying token with JWT_SECRET: {}
[2026-06-29T16:46:14.566Z] [mqzg9amfrpz0wqcela] Token verified successfully: {"decoded":{"id":"6a429f7c6aecb49fd9035b04","iat":"2026-06-29T16:38:20.000Z","exp":"2026-07-06T16:38:20.000Z"}}
[2026-06-29T16:46:14.573Z] [mqzg9amfrpz0wqcela] Searching for admin with ID: 6a429f7c6aecb49fd9035b04: {}
[2026-06-29T16:46:14.587Z] [mqzg9ak73k8mdrlkb2w] Admin authenticated successfully: {"adminId":"6a429f7c6aecb49fd9035b04","email":"patilavdhut198@gmail.com","role":"admin","name":"Avdhut Patil"}
[2026-06-29T16:46:14.596Z] [mqzg9ao4ax5isph3yl] authorize() called: {"requiredRoles":["admin"],"userRole":"admin"}
[2026-06-29T16:46:14.604Z] [mqzg9ao4ax5isph3yl] Authorization successful: {"userRole":"admin","requiredRoles":["admin"]}
[2026-06-29T16:46:14.617Z] [mqzg9amfrpz0wqcela] Admin authenticated successfully: {"adminId":"6a429f7c6aecb49fd9035b04","email":"patilavdhut198@gmail.com","role":"admin","name":"Avdhut Patil"}
[2026-06-29T16:46:14.624Z] [mqzg9aowuzq55kw0qeh] authorize() called: {"requiredRoles":["admin"],"userRole":"admin"}
[2026-06-29T16:46:14.634Z] [mqzg9aowuzq55kw0qeh] Authorization successful: {"userRole":"admin","requiredRoles":["admin"]}
[2026-06-29T16:46:15.582Z] [mqzg9bfiucdx6y5d55] protect() called: {"url":"/orders?page=1&limit=10","method":"GET","headers":{"authorization":"Bearer [PRESENT]","content-type":"application/json"}}
[2026-06-29T16:46:15.634Z] [mqzg9bfiucdx6y5d55] Token extracted: {"tokenLength":171,"tokenPreview":"eyJhbGciOiJIUzI1NiIs..."}
[2026-06-29T16:46:15.668Z] [mqzg9bfiucdx6y5d55] Verifying token with JWT_SECRET: {}
[2026-06-29T16:46:15.709Z] [mqzg9bfiucdx6y5d55] Token verified successfully: {"decoded":{"id":"6a429f7c6aecb49fd9035b04","iat":"2026-06-29T16:38:20.000Z","exp":"2026-07-06T16:38:20.000Z"}}
[2026-06-29T16:46:15.758Z] [mqzg9bfiucdx6y5d55] Searching for admin with ID: 6a429f7c6aecb49fd9035b04: {}
[2026-06-29T16:46:15.792Z] [mqzg9bfiucdx6y5d55] Admin authenticated successfully: {"adminId":"6a429f7c6aecb49fd9035b04","email":"patilavdhut198@gmail.com","role":"admin","name":"Avdhut Patil"}
[2026-06-29T16:46:15.806Z] [mqzg9blqccphk0q5sae] authorize() called: {"requiredRoles":["admin"],"userRole":"admin"}
[2026-06-29T16:46:15.818Z] [mqzg9blqccphk0q5sae] Authorization successful: {"userRole":"admin","requiredRoles":["admin"]}
[2026-06-29T16:46:15.854Z] [mqzg9bn2b9nlbjgxlo7] protect() called: {"url":"/orders?page=1&limit=10","method":"GET","headers":{"authorization":"Bearer [PRESENT]","content-type":"application/json"}}
[2026-06-29T16:46:15.866Z] [mqzg9bn2b9nlbjgxlo7] Token extracted: {"tokenLength":171,"tokenPreview":"eyJhbGciOiJIUzI1NiIs..."}
[2026-06-29T16:46:15.874Z] [mqzg9bn2b9nlbjgxlo7] Verifying token with JWT_SECRET: {}
[2026-06-29T16:46:15.896Z] [mqzg9bn2b9nlbjgxlo7] Token verified successfully: {"decoded":{"id":"6a429f7c6aecb49fd9035b04","iat":"2026-06-29T16:38:20.000Z","exp":"2026-07-06T16:38:20.000Z"}}
[2026-06-29T16:46:15.906Z] [mqzg9bn2b9nlbjgxlo7] Searching for admin with ID: 6a429f7c6aecb49fd9035b04: {}
[2026-06-29T16:46:15.920Z] [mqzg9bn2b9nlbjgxlo7] Admin authenticated successfully: {"adminId":"6a429f7c6aecb49fd9035b04","email":"patilavdhut198@gmail.com","role":"admin","name":"Avdhut Patil"}
[2026-06-29T16:46:15.928Z] [mqzg9bp4unzqplhjqo] authorize() called: {"requiredRoles":["admin"],"userRole":"admin"}
[2026-06-29T16:46:15.938Z] [mqzg9bp4unzqplhjqo] Authorization successful: {"userRole":"admin","requiredRoles":["admin"]}
[2026-06-29T16:46:16.938Z] [mqzg9ch66o5iyuyvnzb] protect() called: {"url":"/users?page=1&limit=10","method":"GET","headers":{"authorization":"Bearer [PRESENT]","content-type":"application/json"}}
[2026-06-29T16:46:16.957Z] [mqzg9ch66o5iyuyvnzb] Token extracted: {"tokenLength":171,"tokenPreview":"eyJhbGciOiJIUzI1NiIs..."}
[2026-06-29T16:46:16.972Z] [mqzg9ch66o5iyuyvnzb] Verifying token with JWT_SECRET: {}
[2026-06-29T16:46:16.989Z] [mqzg9ch66o5iyuyvnzb] Token verified successfully: {"decoded":{"id":"6a429f7c6aecb49fd9035b04","iat":"2026-06-29T16:38:20.000Z","exp":"2026-07-06T16:38:20.000Z"}}
[2026-06-29T16:46:17.002Z] [mqzg9ch66o5iyuyvnzb] Searching for admin with ID: 6a429f7c6aecb49fd9035b04: {}
[2026-06-29T16:46:17.020Z] [mqzg9cjg1qwfqlhh6h8i] protect() called: {"url":"/users/stats","method":"GET","headers":{"authorization":"Bearer [PRESENT]","content-type":"application/json"}}
[2026-06-29T16:46:17.032Z] [mqzg9cjg1qwfqlhh6h8i] Token extracted: {"tokenLength":171,"tokenPreview":"eyJhbGciOiJIUzI1NiIs..."}
[2026-06-29T16:46:17.041Z] [mqzg9cjg1qwfqlhh6h8i] Verifying token with JWT_SECRET: {}
[2026-06-29T16:46:17.058Z] [mqzg9cjg1qwfqlhh6h8i] Token verified successfully: {"decoded":{"id":"6a429f7c6aecb49fd9035b04","iat":"2026-06-29T16:38:20.000Z","exp":"2026-07-06T16:38:20.000Z"}}
[2026-06-29T16:46:17.069Z] [mqzg9cjg1qwfqlhh6h8i] Searching for admin with ID: 6a429f7c6aecb49fd9035b04: {}
[2026-06-29T16:46:17.085Z] [mqzg9ch66o5iyuyvnzb] Admin authenticated successfully: {"adminId":"6a429f7c6aecb49fd9035b04","email":"patilavdhut198@gmail.com","role":"admin","name":"Avdhut Patil"}
[2026-06-29T16:46:17.095Z] [mqzg9cljpza1g14bs2t] authorize() called: {"requiredRoles":["admin"],"userRole":"admin"}
[2026-06-29T16:46:17.107Z] [mqzg9cljpza1g14bs2t] Authorization successful: {"userRole":"admin","requiredRoles":["admin"]}
[2026-06-29T16:46:17.119Z] [mqzg9cm71vpjpun91ie] protect() called: {"url":"/users?page=1&limit=10","method":"GET","headers":{"authorization":"Bearer [PRESENT]","content-type":"application/json"}}
[2026-06-29T16:46:17.128Z] [mqzg9cm71vpjpun91ie] Token extracted: {"tokenLength":171,"tokenPreview":"eyJhbGciOiJIUzI1NiIs..."}
[2026-06-29T16:46:17.140Z] [mqzg9cm71vpjpun91ie] Verifying token with JWT_SECRET: {}
[2026-06-29T16:46:17.152Z] [mqzg9cm71vpjpun91ie] Token verified successfully: {"decoded":{"id":"6a429f7c6aecb49fd9035b04","iat":"2026-06-29T16:38:20.000Z","exp":"2026-07-06T16:38:20.000Z"}}
[2026-06-29T16:46:17.159Z] [mqzg9cm71vpjpun91ie] Searching for admin with ID: 6a429f7c6aecb49fd9035b04: {}
[2026-06-29T16:46:17.174Z] [mqzg9cjg1qwfqlhh6h8i] Admin authenticated successfully: {"adminId":"6a429f7c6aecb49fd9035b04","email":"patilavdhut198@gmail.com","role":"admin","name":"Avdhut Patil"}
[2026-06-29T16:46:17.187Z] [mqzg9co31nixk4rlujy] authorize() called: {"requiredRoles":["admin"],"userRole":"admin"}
[2026-06-29T16:46:17.195Z] [mqzg9co31nixk4rlujy] Authorization successful: {"userRole":"admin","requiredRoles":["admin"]}
[2026-06-29T16:46:17.205Z] [mqzg9cola191wi6f6n] protect() called: {"url":"/users/stats","method":"GET","headers":{"authorization":"Bearer [PRESENT]","content-type":"application/json"}}
[2026-06-29T16:46:17.215Z] [mqzg9cola191wi6f6n] Token extracted: {"tokenLength":171,"tokenPreview":"eyJhbGciOiJIUzI1NiIs..."}
[2026-06-29T16:46:17.223Z] [mqzg9cola191wi6f6n] Verifying token with JWT_SECRET: {}
[2026-06-29T16:46:17.234Z] [mqzg9cola191wi6f6n] Token verified successfully: {"decoded":{"id":"6a429f7c6aecb49fd9035b04","iat":"2026-06-29T16:38:20.000Z","exp":"2026-07-06T16:38:20.000Z"}}
[2026-06-29T16:46:17.241Z] [mqzg9cola191wi6f6n] Searching for admin with ID: 6a429f7c6aecb49fd9035b04: {}
[2026-06-29T16:46:17.255Z] [mqzg9cm71vpjpun91ie] Admin authenticated successfully: {"adminId":"6a429f7c6aecb49fd9035b04","email":"patilavdhut198@gmail.com","role":"admin","name":"Avdhut Patil"}
[2026-06-29T16:46:17.267Z] [mqzg9cqbf4o0satvma] authorize() called: {"requiredRoles":["admin"],"userRole":"admin"}
[2026-06-29T16:46:17.275Z] [mqzg9cqbf4o0satvma] Authorization successful: {"userRole":"admin","requiredRoles":["admin"]}
[2026-06-29T16:46:17.289Z] [mqzg9cola191wi6f6n] Admin authenticated successfully: {"adminId":"6a429f7c6aecb49fd9035b04","email":"patilavdhut198@gmail.com","role":"admin","name":"Avdhut Patil"}
[2026-06-29T16:46:17.301Z] [mqzg9cr9pw2jy8ac7] authorize() called: {"requiredRoles":["admin"],"userRole":"admin"}
[2026-06-29T16:46:17.309Z] [mqzg9cr9pw2jy8ac7] Authorization successful: {"userRole":"admin","requiredRoles":["admin"]}
[2026-06-29T16:46:17.348Z] [mqzg9csksnvk54l4jsh] protect() called: {"url":"/users?page=1&limit=10","method":"GET","headers":{"authorization":"Bearer [PRESENT]","content-type":"application/json"}}
[2026-06-29T16:46:17.358Z] [mqzg9csksnvk54l4jsh] Token extracted: {"tokenLength":171,"tokenPreview":"eyJhbGciOiJIUzI1NiIs..."}
[2026-06-29T16:46:17.372Z] [mqzg9csksnvk54l4jsh] Verifying token with JWT_SECRET: {}
[2026-06-29T16:46:17.385Z] [mqzg9csksnvk54l4jsh] Token verified successfully: {"decoded":{"id":"6a429f7c6aecb49fd9035b04","iat":"2026-06-29T16:38:20.000Z","exp":"2026-07-06T16:38:20.000Z"}}
[2026-06-29T16:46:17.392Z] [mqzg9csksnvk54l4jsh] Searching for admin with ID: 6a429f7c6aecb49fd9035b04: {}
[2026-06-29T16:46:17.408Z] [mqzg9cu82532tlj9c29] protect() called: {"url":"/users/stats","method":"GET","headers":{"authorization":"Bearer [PRESENT]","content-type":"application/json"}}
[2026-06-29T16:46:17.422Z] [mqzg9cu82532tlj9c29] Token extracted: {"tokenLength":171,"tokenPreview":"eyJhbGciOiJIUzI1NiIs..."}
[2026-06-29T16:46:17.434Z] [mqzg9cu82532tlj9c29] Verifying token with JWT_SECRET: {}
[2026-06-29T16:46:17.442Z] [mqzg9cu82532tlj9c29] Token verified successfully: {"decoded":{"id":"6a429f7c6aecb49fd9035b04","iat":"2026-06-29T16:38:20.000Z","exp":"2026-07-06T16:38:20.000Z"}}
[2026-06-29T16:46:17.453Z] [mqzg9cu82532tlj9c29] Searching for admin with ID: 6a429f7c6aecb49fd9035b04: {}
[2026-06-29T16:46:17.465Z] [mqzg9csksnvk54l4jsh] Admin authenticated successfully: {"adminId":"6a429f7c6aecb49fd9035b04","email":"patilavdhut198@gmail.com","role":"admin","name":"Avdhut Patil"}
[2026-06-29T16:46:17.474Z] [mqzg9cw2v688xevqxc] authorize() called: {"requiredRoles":["admin"],"userRole":"admin"}
[2026-06-29T16:46:17.484Z] [mqzg9cw2v688xevqxc] Authorization successful: {"userRole":"admin","requiredRoles":["admin"]}
[2026-06-29T16:46:17.491Z] [mqzg9cwjfn64jstc5ss] protect() called: {"url":"/users?page=1&limit=10","method":"GET","headers":{"authorization":"Bearer [PRESENT]","content-type":"application/json"}}
[2026-06-29T16:46:17.501Z] [mqzg9cwjfn64jstc5ss] Token extracted: {"tokenLength":171,"tokenPreview":"eyJhbGciOiJIUzI1NiIs..."}
[2026-06-29T16:46:17.508Z] [mqzg9cwjfn64jstc5ss] Verifying token with JWT_SECRET: {}
[2026-06-29T16:46:17.519Z] [mqzg9cwjfn64jstc5ss] Token verified successfully: {"decoded":{"id":"6a429f7c6aecb49fd9035b04","iat":"2026-06-29T16:38:20.000Z","exp":"2026-07-06T16:38:20.000Z"}}
[2026-06-29T16:46:17.528Z] [mqzg9cwjfn64jstc5ss] Searching for admin with ID: 6a429f7c6aecb49fd9035b04: {}
[2026-06-29T16:46:17.540Z] [mqzg9cu82532tlj9c29] Admin authenticated successfully: {"adminId":"6a429f7c6aecb49fd9035b04","email":"patilavdhut198@gmail.com","role":"admin","name":"Avdhut Patil"}
[2026-06-29T16:46:17.551Z] [mqzg9cy7pivocwggou] authorize() called: {"requiredRoles":["admin"],"userRole":"admin"}
[2026-06-29T16:46:17.561Z] [mqzg9cy7pivocwggou] Authorization successful: {"userRole":"admin","requiredRoles":["admin"]}
[2026-06-29T16:46:17.570Z] [mqzg9cyqsxchzgana] protect() called: {"url":"/users/stats","method":"GET","headers":{"authorization":"Bearer [PRESENT]","content-type":"application/json"}}
[2026-06-29T16:46:17.579Z] [mqzg9cyqsxchzgana] Token extracted: {"tokenLength":171,"tokenPreview":"eyJhbGciOiJIUzI1NiIs..."}
[2026-06-29T16:46:17.588Z] [mqzg9cyqsxchzgana] Verifying token with JWT_SECRET: {}
[2026-06-29T16:46:17.599Z] [mqzg9cyqsxchzgana] Token verified successfully: {"decoded":{"id":"6a429f7c6aecb49fd9035b04","iat":"2026-06-29T16:38:20.000Z","exp":"2026-07-06T16:38:20.000Z"}}
[2026-06-29T16:46:17.606Z] [mqzg9cyqsxchzgana] Searching for admin with ID: 6a429f7c6aecb49fd9035b04: {}
[2026-06-29T16:46:17.619Z] [mqzg9cwjfn64jstc5ss] Admin authenticated successfully: {"adminId":"6a429f7c6aecb49fd9035b04","email":"patilavdhut198@gmail.com","role":"admin","name":"Avdhut Patil"}
[2026-06-29T16:46:17.627Z] [mqzg9d0bf8huyux2j5b] authorize() called: {"requiredRoles":["admin"],"userRole":"admin"}
[2026-06-29T16:46:17.638Z] [mqzg9d0bf8huyux2j5b] Authorization successful: {"userRole":"admin","requiredRoles":["admin"]}
[2026-06-29T16:46:17.653Z] [mqzg9cyqsxchzgana] Admin authenticated successfully: {"adminId":"6a429f7c6aecb49fd9035b04","email":"patilavdhut198@gmail.com","role":"admin","name":"Avdhut Patil"}
[2026-06-29T16:46:17.661Z] [mqzg9d190itmua85zmam] authorize() called: {"requiredRoles":["admin"],"userRole":"admin"}
[2026-06-29T16:46:17.670Z] [mqzg9d190itmua85zmam] Authorization successful: {"userRole":"admin","requiredRoles":["admin"]}
[2026-06-29T16:46:17.701Z] [mqzg9d2d3sy39qol7az] protect() called: {"url":"/users?page=1&limit=10","method":"GET","headers":{"authorization":"Bearer [PRESENT]","content-type":"application/json"}}
[2026-06-29T16:46:17.710Z] [mqzg9d2d3sy39qol7az] Token extracted: {"tokenLength":171,"tokenPreview":"eyJhbGciOiJIUzI1NiIs..."}
[2026-06-29T16:46:17.723Z] [mqzg9d2d3sy39qol7az] Verifying token with JWT_SECRET: {}
[2026-06-29T16:46:17.736Z] [mqzg9d2d3sy39qol7az] Token verified successfully: {"decoded":{"id":"6a429f7c6aecb49fd9035b04","iat":"2026-06-29T16:38:20.000Z","exp":"2026-07-06T16:38:20.000Z"}}
[2026-06-29T16:46:17.743Z] [mqzg9d2d3sy39qol7az] Searching for admin with ID: 6a429f7c6aecb49fd9035b04: {}
[2026-06-29T16:46:17.756Z] [mqzg9d2d3sy39qol7az] Admin authenticated successfully: {"adminId":"6a429f7c6aecb49fd9035b04","email":"patilavdhut198@gmail.com","role":"admin","name":"Avdhut Patil"}
[2026-06-29T16:46:17.765Z] [mqzg9d4581sm871srhk] authorize() called: {"requiredRoles":["admin"],"userRole":"admin"}
[2026-06-29T16:46:17.772Z] [mqzg9d4581sm871srhk] Authorization successful: {"userRole":"admin","requiredRoles":["admin"]}
[2026-06-29T16:46:17.782Z] [mqzg9d4mmavm4xuj67] protect() called: {"url":"/users?page=1&limit=10","method":"GET","headers":{"authorization":"Bearer [PRESENT]","content-type":"application/json"}}
[2026-06-29T16:46:17.789Z] [mqzg9d4mmavm4xuj67] Token extracted: {"tokenLength":171,"tokenPreview":"eyJhbGciOiJIUzI1NiIs..."}
[2026-06-29T16:46:17.798Z] [mqzg9d4mmavm4xuj67] Verifying token with JWT_SECRET: {}
[2026-06-29T16:46:17.806Z] [mqzg9d4mmavm4xuj67] Token verified successfully: {"decoded":{"id":"6a429f7c6aecb49fd9035b04","iat":"2026-06-29T16:38:20.000Z","exp":"2026-07-06T16:38:20.000Z"}}
[2026-06-29T16:46:17.816Z] [mqzg9d4mmavm4xuj67] Searching for admin with ID: 6a429f7c6aecb49fd9035b04: {}
[2026-06-29T16:46:17.826Z] [mqzg9d4mmavm4xuj67] Admin authenticated successfully: {"adminId":"6a429f7c6aecb49fd9035b04","email":"patilavdhut198@gmail.com","role":"admin","name":"Avdhut Patil"}
[2026-06-29T16:46:17.836Z] [mqzg9d64ju9avv6xx7p] authorize() called: {"requiredRoles":["admin"],"userRole":"admin"}
[2026-06-29T16:46:17.844Z] [mqzg9d64ju9avv6xx7p] Authorization successful: {"userRole":"admin","requiredRoles":["admin"]}
[2026-06-29T16:46:18.841Z] [mqzg9dy1ehe382s435v] protect() called: {"url":"/banners?page=1&limit=10","method":"GET","headers":{"authorization":"Bearer [PRESENT]","content-type":"application/json"}}
[2026-06-29T16:46:18.889Z] [mqzg9dy1ehe382s435v] Token extracted: {"tokenLength":171,"tokenPreview":"eyJhbGciOiJIUzI1NiIs..."}
[2026-06-29T16:46:18.940Z] [mqzg9dy1ehe382s435v] Verifying token with JWT_SECRET: {}
[2026-06-29T16:46:18.995Z] [mqzg9dy1ehe382s435v] Token verified successfully: {"decoded":{"id":"6a429f7c6aecb49fd9035b04","iat":"2026-06-29T16:38:20.000Z","exp":"2026-07-06T16:38:20.000Z"}}
[2026-06-29T16:46:19.051Z] [mqzg9dy1ehe382s435v] Searching for admin with ID: 6a429f7c6aecb49fd9035b04: {}
[2026-06-29T16:46:19.066Z] [mqzg9dy1ehe382s435v] Admin authenticated successfully: {"adminId":"6a429f7c6aecb49fd9035b04","email":"patilavdhut198@gmail.com","role":"admin","name":"Avdhut Patil"}
[2026-06-29T16:46:19.074Z] [mqzg9e4irajunmcpu6j] authorize() called: {"requiredRoles":["admin"],"userRole":"admin"}
[2026-06-29T16:46:19.087Z] [mqzg9e4irajunmcpu6j] Authorization successful: {"userRole":"admin","requiredRoles":["admin"]}
[2026-06-29T16:46:19.105Z] [mqzg9e5dzaubp8wmszs] protect() called: {"url":"/banners?page=1&limit=10","method":"GET","headers":{"authorization":"Bearer [PRESENT]","content-type":"application/json"}}
[2026-06-29T16:46:19.119Z] [mqzg9e5dzaubp8wmszs] Token extracted: {"tokenLength":171,"tokenPreview":"eyJhbGciOiJIUzI1NiIs..."}
[2026-06-29T16:46:19.136Z] [mqzg9e5dzaubp8wmszs] Verifying token with JWT_SECRET: {}
[2026-06-29T16:46:19.150Z] [mqzg9e5dzaubp8wmszs] Token verified successfully: {"decoded":{"id":"6a429f7c6aecb49fd9035b04","iat":"2026-06-29T16:38:20.000Z","exp":"2026-07-06T16:38:20.000Z"}}
[2026-06-29T16:46:19.157Z] [mqzg9e5dzaubp8wmszs] Searching for admin with ID: 6a429f7c6aecb49fd9035b04: {}
[2026-06-29T16:46:19.178Z] [mqzg9e5dzaubp8wmszs] Admin authenticated successfully: {"adminId":"6a429f7c6aecb49fd9035b04","email":"patilavdhut198@gmail.com","role":"admin","name":"Avdhut Patil"}
[2026-06-29T16:46:19.187Z] [mqzg9e7nj46goial1jp] authorize() called: {"requiredRoles":["admin"],"userRole":"admin"}
[2026-06-29T16:46:19.197Z] [mqzg9e7nj46goial1jp] Authorization successful: {"userRole":"admin","requiredRoles":["admin"]}
[2026-06-29T16:46:19.336Z] [mqzg9ebsak2v0lnzq5l] protect() called: {"url":"/banners?page=1&limit=10","method":"GET","headers":{"authorization":"Bearer [PRESENT]","content-type":"application/json"}}
[2026-06-29T16:46:19.384Z] [mqzg9ebsak2v0lnzq5l] Token extracted: {"tokenLength":171,"tokenPreview":"eyJhbGciOiJIUzI1NiIs..."}
[2026-06-29T16:46:19.417Z] [mqzg9ebsak2v0lnzq5l] Verifying token with JWT_SECRET: {}
[2026-06-29T16:46:19.467Z] [mqzg9ebsak2v0lnzq5l] Token verified successfully: {"decoded":{"id":"6a429f7c6aecb49fd9035b04","iat":"2026-06-29T16:38:20.000Z","exp":"2026-07-06T16:38:20.000Z"}}
[2026-06-29T16:46:19.496Z] [mqzg9ebsak2v0lnzq5l] Searching for admin with ID: 6a429f7c6aecb49fd9035b04: {}
[2026-06-29T16:46:19.534Z] [mqzg9ebsak2v0lnzq5l] Admin authenticated successfully: {"adminId":"6a429f7c6aecb49fd9035b04","email":"patilavdhut198@gmail.com","role":"admin","name":"Avdhut Patil"}
[2026-06-29T16:46:19.565Z] [mqzg9ei5w53hzriwjk] authorize() called: {"requiredRoles":["admin"],"userRole":"admin"}
[2026-06-29T16:46:19.590Z] [mqzg9ei5w53hzriwjk] Authorization successful: {"userRole":"admin","requiredRoles":["admin"]}
[2026-06-30T05:23:45.010Z] [mr07bgfmikuq46hvz3o] protect() called: {"url":"/banners?page=1&limit=10","method":"GET","headers":{"authorization":"Bearer [PRESENT]","content-type":"application/json"}}
[2026-06-30T05:23:45.204Z] [mr07bgfmikuq46hvz3o] Token extracted: {"tokenLength":171,"tokenPreview":"eyJhbGciOiJIUzI1NiIs..."}
[2026-06-30T05:23:45.217Z] [mr07bgfmikuq46hvz3o] Verifying token with JWT_SECRET: {}
[2026-06-30T05:23:45.235Z] [mr07bgfmikuq46hvz3o] Token verified successfully: {"decoded":{"id":"6a429f7c6aecb49fd9035b04","iat":"2026-06-29T16:38:20.000Z","exp":"2026-07-06T16:38:20.000Z"}}
[2026-06-30T05:23:45.245Z] [mr07bgfmikuq46hvz3o] Searching for admin with ID: 6a429f7c6aecb49fd9035b04: {}
[2026-06-30T05:23:45.275Z] [mr07bgfmikuq46hvz3o] Admin authenticated successfully: {"adminId":"6a429f7c6aecb49fd9035b04","email":"patilavdhut198@gmail.com","role":"admin","name":"Avdhut Patil"}
[2026-06-30T05:23:45.283Z] [mr07bgn7ia5qfdje5k] authorize() called: {"requiredRoles":["admin"],"userRole":"admin"}
[2026-06-30T05:23:45.292Z] [mr07bgn7ia5qfdje5k] Authorization successful: {"userRole":"admin","requiredRoles":["admin"]}
[2026-06-30T05:23:45.310Z] [mr07bgnxclqt4jp5lbh] protect() called: {"url":"/banners?page=1&limit=10","method":"GET","headers":{"authorization":"Bearer [PRESENT]","content-type":"application/json"}}
[2026-06-30T05:23:45.320Z] [mr07bgnxclqt4jp5lbh] Token extracted: {"tokenLength":171,"tokenPreview":"eyJhbGciOiJIUzI1NiIs..."}
[2026-06-30T05:23:45.329Z] [mr07bgnxclqt4jp5lbh] Verifying token with JWT_SECRET: {}
[2026-06-30T05:23:45.336Z] [mr07bgnxclqt4jp5lbh] Token verified successfully: {"decoded":{"id":"6a429f7c6aecb49fd9035b04","iat":"2026-06-29T16:38:20.000Z","exp":"2026-07-06T16:38:20.000Z"}}
[2026-06-30T05:23:45.347Z] [mr07bgnxclqt4jp5lbh] Searching for admin with ID: 6a429f7c6aecb49fd9035b04: {}
[2026-06-30T05:23:45.359Z] [mr07bgnxclqt4jp5lbh] Admin authenticated successfully: {"adminId":"6a429f7c6aecb49fd9035b04","email":"patilavdhut198@gmail.com","role":"admin","name":"Avdhut Patil"}
[2026-06-30T05:23:45.366Z] [mr07bgpifowb2fch4y] authorize() called: {"requiredRoles":["admin"],"userRole":"admin"}
[2026-06-30T05:23:45.374Z] [mr07bgpifowb2fch4y] Authorization successful: {"userRole":"admin","requiredRoles":["admin"]}
[2026-06-30T05:23:45.385Z] [mr07bgq1o3vhpxbe3r] protect() called: {"url":"/banners?page=1&limit=10","method":"GET","headers":{"authorization":"Bearer [PRESENT]","content-type":"application/json"}}
[2026-06-30T05:23:45.397Z] [mr07bgq1o3vhpxbe3r] Token extracted: {"tokenLength":171,"tokenPreview":"eyJhbGciOiJIUzI1NiIs..."}
[2026-06-30T05:23:45.403Z] [mr07bgq1o3vhpxbe3r] Verifying token with JWT_SECRET: {}
[2026-06-30T05:23:45.412Z] [mr07bgq1o3vhpxbe3r] Token verified successfully: {"decoded":{"id":"6a429f7c6aecb49fd9035b04","iat":"2026-06-29T16:38:20.000Z","exp":"2026-07-06T16:38:20.000Z"}}
[2026-06-30T05:23:45.420Z] [mr07bgq1o3vhpxbe3r] Searching for admin with ID: 6a429f7c6aecb49fd9035b04: {}
[2026-06-30T05:23:45.432Z] [mr07bgq1o3vhpxbe3r] Admin authenticated successfully: {"adminId":"6a429f7c6aecb49fd9035b04","email":"patilavdhut198@gmail.com","role":"admin","name":"Avdhut Patil"}
[2026-06-30T05:23:45.441Z] [mr07bgrlv00wy0zuolh] authorize() called: {"requiredRoles":["admin"],"userRole":"admin"}
[2026-06-30T05:23:45.449Z] [mr07bgrlv00wy0zuolh] Authorization successful: {"userRole":"admin","requiredRoles":["admin"]}
